To honour the JVM settings for this build a single-use Daemon process will be forked. See https://docs.gradle.org/8.0/userguide/gradle_daemon.html#sec:disabling_the_daemon.
Daemon will be stopped at the end of the build 
> Task :app:preBuild UP-TO-DATE
> Task :app:preDebugBuild UP-TO-DATE
> Task :app:mergeDebugNativeDebugMetadata NO-SOURCE
> Task :app:javaPreCompileDebug UP-TO-DATE
> Task :app:generateDebugResValues UP-TO-DATE
> Task :app:checkDebugAarMetadata
> Task :app:mapDebugSourceSetPaths
> Task :app:generateDebugResources UP-TO-DATE
> Task :app:packageDebugResources UP-TO-DATE
> Task :app:parseDebugLocalResources UP-TO-DATE
> Task :app:createDebugCompatibleScreenManifests UP-TO-DATE
> Task :app:extractDeepLinksDebug UP-TO-DATE
> Task :app:processDebugMainManifest
> Task :app:mergeDebugResources
> Task :app:processDebugManifest
> Task :app:mergeDebugShaders UP-TO-DATE
> Task :app:compileDebugShaders NO-SOURCE
> Task :app:generateDebugAssets UP-TO-DATE
> Task :app:mergeDebugAssets UP-TO-DATE
> Task :app:compressDebugAssets UP-TO-DATE
> Task :app:processDebugJavaRes NO-SOURCE
> Task :app:desugarDebugFileDependencies UP-TO-DATE
> Task :app:checkDebugDuplicateClasses
> Task :app:mergeDebugJavaResource

> Task :app:configureCMakeDebug[arm64-v8a]
[CXX5304] This version only understands SDK XML versions up to 3 but an SDK XML file of version 4 was encountered. This can happen if you use versions of Android Studio and the command-line tools that were released at different times.
[CXX5304] This version only understands SDK XML versions up to 3 but an SDK XML file of version 4 was encountered. This can happen if you use versions of Android Studio and the command-line tools that were released at different times.

> Task :app:mergeLibDexDebug UP-TO-DATE
> Task :app:buildCMakeDebug[arm64-v8a]
> Task :app:mergeDebugJniLibFolders UP-TO-DATE
> Task :app:mergeDebugNativeLibs UP-TO-DATE
> Task :app:stripDebugDebugSymbols UP-TO-DATE
> Task :app:validateSigningDebug UP-TO-DATE
> Task :app:writeDebugAppMetadata UP-TO-DATE
> Task :app:writeDebugSigningConfigVersions UP-TO-DATE
> Task :app:processDebugManifestForPackage
> Task :app:mergeExtDexDebug
> Task :app:processDebugResources FAILED
gradlew.bat : 
所在位置 行:1 字符: 111
+ ... bin;" + $env:PATH; & ./gradlew assembleDebug --no-daemon 2>&1 | Tee-O ...
+                        ~~~~~~~~~~~~~~~~~~~~~~~~~~~~~~~~~~~~~~~~~~
    + CategoryInfo          : NotSpecified: (:String) [], RemoteException
    + FullyQualifiedErrorId : NativeCommandError
 
FAILURE: Build failed with an exception.

* What went wrong:
Execution failed for task ':app:processDebugResources'.
> A failure occurred while executing com.android.build.gradle.internal.res.Link
ApplicationAndroidResourcesTask$TaskAction
   > Android resource linking failed
     cn.xzc.mediacodec.app-mergeDebugResources-26:/values/values.xml:4338: erro
r: resource drawable/abc_list_divider_mtrl_alpha (aka cn.xzc.mediacodec:drawabl
e/abc_list_divider_mtrl_alpha) not found.
     cn.xzc.mediacodec.app-mergeDebugResources-26:/values/values.xml:4339: erro
r: resource drawable/abc_list_divider_mtrl_alpha (aka cn.xzc.mediacodec:drawabl
e/abc_list_divider_mtrl_alpha) not found.
     cn.xzc.mediacodec.app-mergeDebugResources-26:/values/values.xml:4379: erro
r: resource drawable/abc_menu_hardkey_panel_mtrl_mult (aka cn.xzc.mediacodec:dr
awable/abc_menu_hardkey_panel_mtrl_mult) not found.
     cn.xzc.mediacodec.app-mergeDebugResources-26:/values/values.xml:4338: erro
r: resource drawable/abc_list_divider_mtrl_alpha (aka cn.xzc.mediacodec:drawabl
e/abc_list_divider_mtrl_alpha) not found.
     cn.xzc.mediacodec.app-mergeDebugResources-26:/values/values.xml:4339: erro
r: resource drawable/abc_list_divider_mtrl_alpha (aka cn.xzc.mediacodec:drawabl
e/abc_list_divider_mtrl_alpha) not found.
     cn.xzc.mediacodec.app-mergeDebugResources-26:/values/values.xml:4379: erro
r: resource drawable/abc_menu_hardkey_panel_mtrl_mult (aka cn.xzc.mediacodec:dr
awable/abc_menu_hardkey_panel_mtrl_mult) not found.
     cn.xzc.mediacodec.app-mergeDebugResources-26:/values/values.xml:4536: erro
r: resource drawable/abc_list_divider_mtrl_alpha (aka cn.xzc.mediacodec:drawabl
e/abc_list_divider_mtrl_alpha) not found.
     cn.xzc.mediacodec.app-mergeDebugResources-26:/values/values.xml:4537: erro
r: resource drawable/abc_list_divider_mtrl_alpha (aka cn.xzc.mediacodec:drawabl
e/abc_list_divider_mtrl_alpha) not found.
     cn.xzc.mediacodec.app-mergeDebugResources-26:/values/values.xml:4577: erro
r: resource drawable/abc_menu_hardkey_panel_mtrl_mult (aka cn.xzc.mediacodec:dr
awable/abc_menu_hardkey_panel_mtrl_mult) not found.
     cn.xzc.mediacodec.app-mergeDebugResources-26:/values/values.xml:4536: erro
r: resource drawable/abc_list_divider_mtrl_alpha (aka cn.xzc.mediacodec:drawabl
e/abc_list_divider_mtrl_alpha) not found.
     cn.xzc.mediacodec.app-mergeDebugResources-26:/values/values.xml:4537: erro
r: resource drawable/abc_list_divider_mtrl_alpha (aka cn.xzc.mediacodec:drawabl
e/abc_list_divider_mtrl_alpha) not found.
     cn.xzc.mediacodec.app-mergeDebugResources-26:/values/values.xml:4577: erro
r: resource drawable/abc_menu_hardkey_panel_mtrl_mult (aka cn.xzc.mediacodec:dr
awable/abc_menu_hardkey_panel_mtrl_mult) not found.
     cn.xzc.mediacodec.app-mergeDebugResources-26:/values/values.xml:4749: erro
r: resource drawable/abc_popup_background_mtrl_mult (aka cn.xzc.mediacodec:draw
able/abc_popup_background_mtrl_mult) not found.
     cn.xzc.mediacodec.app-mergeDebugResources-26:/values/values.xml:4749: erro
r: resource drawable/abc_popup_background_mtrl_mult (aka cn.xzc.mediacodec:draw
able/abc_popup_background_mtrl_mult) not found.
     cn.xzc.mediacodec.app-mergeDebugResources-26:/values/values.xml:4869: erro
r: resource drawable/abc_ab_share_pack_mtrl_alpha (aka cn.xzc.mediacodec:drawab
le/abc_ab_share_pack_mtrl_alpha) not found.
     cn.xzc.mediacodec.app-mergeDebugResources-26:/values/values.xml:4869: erro
r: resource drawable/abc_ab_share_pack_mtrl_alpha (aka cn.xzc.mediacodec:drawab
le/abc_ab_share_pack_mtrl_alpha) not found.
     cn.xzc.mediacodec.app-mergeDebugResources-26:/values/values.xml:4917: erro
r: resource drawable/abc_switch_track_mtrl_alpha (aka cn.xzc.mediacodec:drawabl
e/abc_switch_track_mtrl_alpha) not found.
     cn.xzc.mediacodec.app-mergeDebugResources-26:/values/values.xml:4917: erro
r: resource drawable/abc_switch_track_mtrl_alpha (aka cn.xzc.mediacodec:drawabl
e/abc_switch_track_mtrl_alpha) not found.
     cn.xzc.mediacodec.app-mergeDebugResources-26:/values/values.xml:4978: erro
r: resource drawable/abc_popup_background_mtrl_mult (aka cn.xzc.mediacodec:draw
able/abc_popup_background_mtrl_mult) not found.
     cn.xzc.mediacodec.app-mergeDebugResources-26:/values/values.xml:4978: erro
r: resource drawable/abc_popup_background_mtrl_mult (aka cn.xzc.mediacodec:draw
able/abc_popup_background_mtrl_mult) not found.


* Try:
> Run with --stacktrace option to get the stack trace.
> Run with --info or --debug option to get more log output.
> Run with --scan to get full insights.

* Get more help at https://help.gradle.org

BUILD FAILED in 47s
29 actionable tasks: 12 executed, 17 up-to-date
